2020-08-22 "Desc0"
Liabilities:Cumulus Expenses:TBD             12.34 CHF

2020-09-09 "Desc1 FXComment1"
Liabilities:Cumulus Expenses:TBD           1233.45 CHF

2020-09-23 "Rundungskorrektur"
Expenses:TBD        Liabilities:Cumulus       0.02 CHF

