2018-06-19 value Assets:VIAC 0 CHF

2018-06-20 value Assets:VIAC 6768 CHF

2018-06-21 value Assets:VIAC 6768 CHF

2018-06-22 value Assets:VIAC 6768 CHF

2018-06-23 value Assets:VIAC 6768 CHF

2018-06-24 value Assets:VIAC 6768 CHF

2018-06-25 value Assets:VIAC 6768 CHF

2018-06-26 value Assets:VIAC 6768 CHF

2018-06-27 value Assets:VIAC 6768 CHF

2018-06-28 value Assets:VIAC 6768 CHF

2018-06-29 value Assets:VIAC 6768 CHF

2018-06-30 value Assets:VIAC 6768.56 CHF

2018-07-01 value Assets:VIAC 6768.56 CHF

2018-07-02 value Assets:VIAC 6768.56 CHF

2018-07-03 value Assets:VIAC 6768.56 CHF

2018-07-04 value Assets:VIAC 6793.77 CHF

2018-07-05 value Assets:VIAC 6786.95 CHF

2018-07-06 value Assets:VIAC 6818.09 CHF

2018-07-07 value Assets:VIAC 6816.76 CHF

2018-07-08 value Assets:VIAC 6812.31 CHF

2018-07-09 value Assets:VIAC 6881.79 CHF

2018-07-10 value Assets:VIAC 6903.97 CHF

2018-07-11 value Assets:VIAC 6857.79 CHF

2018-07-12 value Assets:VIAC 6939.11 CHF

2018-07-13 value Assets:VIAC 6968.08 CHF

2018-07-14 value Assets:VIAC 6968.3 CHF

2018-07-15 value Assets:VIAC 6966.33 CHF

2018-07-16 value Assets:VIAC 6935.47 CHF

2018-07-17 value Assets:VIAC 6947.13 CHF

2018-07-18 value Assets:VIAC 6978.66 CHF

2018-07-19 value Assets:VIAC 6962.41 CHF

2018-07-20 value Assets:VIAC 6966.1 CHF

2018-07-21 value Assets:VIAC 6963.55 CHF

2018-07-22 value Assets:VIAC 6964.9 CHF

2018-07-23 value Assets:VIAC 6944.74 CHF

2018-07-24 value Assets:VIAC 6995.19 CHF

2018-07-25 value Assets:VIAC 6998.11 CHF

2018-07-26 value Assets:VIAC 7054.53 CHF

2018-07-27 value Assets:VIAC 7068.34 CHF

2018-07-28 value Assets:VIAC 7067.45 CHF

2018-07-29 value Assets:VIAC 7067.08 CHF

2018-07-30 value Assets:VIAC 7017.89 CHF

2018-07-31 value Assets:VIAC 7024.84 CHF

2018-08-01 value Assets:VIAC 7026.37 CHF

2018-08-02 value Assets:VIAC 7007.03 CHF

2018-08-03 value Assets:VIAC 7028.85 CHF

2018-08-04 value Assets:VIAC 7027.83 CHF

2018-08-05 value Assets:VIAC 7027.92 CHF

2018-08-06 value Assets:VIAC 7041.52 CHF

2018-08-07 value Assets:VIAC 7078.9 CHF

2018-08-08 value Assets:VIAC 7060.63 CHF

2018-08-09 value Assets:VIAC 7056.46 CHF

2018-08-10 value Assets:VIAC 6982.79 CHF

2018-08-11 value Assets:VIAC 6983.99 CHF

2018-08-12 value Assets:VIAC 6975.43 CHF

2018-08-13 value Assets:VIAC 6939.79 CHF

2018-08-14 value Assets:VIAC 6945.33 CHF

2018-08-15 value Assets:VIAC 6865.75 CHF

2018-08-16 value Assets:VIAC 6933.14 CHF

2018-08-17 value Assets:VIAC 6938.23 CHF

2018-08-18 value Assets:VIAC 6936.98 CHF

2018-08-19 value Assets:VIAC 6936.63 CHF

2018-08-20 value Assets:VIAC 6963.51 CHF

2018-08-21 value Assets:VIAC 6964.76 CHF

2018-08-22 value Assets:VIAC 6956.7 CHF

2018-08-23 value Assets:VIAC 6955.11 CHF

2018-08-24 value Assets:VIAC 6967.32 CHF

2018-08-25 value Assets:VIAC 6965.84 CHF

2018-08-26 value Assets:VIAC 6965.84 CHF

2018-08-27 value Assets:VIAC 7004.14 CHF

2018-08-28 value Assets:VIAC 6998.1 CHF

2018-08-29 value Assets:VIAC 6987.9 CHF

2018-08-30 value Assets:VIAC 6951.77 CHF

2018-08-31 value Assets:VIAC 6916.46 CHF

2018-09-01 value Assets:VIAC 6916.44 CHF

2018-09-02 value Assets:VIAC 6918.04 CHF

2018-09-03 value Assets:VIAC 6919.29 CHF

2018-09-04 value Assets:VIAC 6899.41 CHF

2018-09-05 value Assets:VIAC 6832.91 CHF

2018-09-06 value Assets:VIAC 6777.82 CHF

2018-09-07 value Assets:VIAC 6800.99 CHF

2018-09-08 value Assets:VIAC 6800.37 CHF

2018-09-09 value Assets:VIAC 6799.15 CHF

2018-09-10 value Assets:VIAC 6845.31 CHF

2018-09-11 value Assets:VIAC 6833.01 CHF

2018-09-12 value Assets:VIAC 6844.36 CHF

2018-09-13 value Assets:VIAC 6846.63 CHF

2018-09-14 value Assets:VIAC 6874.24 CHF

2018-09-15 value Assets:VIAC 6875.07 CHF

2018-09-16 value Assets:VIAC 6875.17 CHF

2018-09-17 value Assets:VIAC 6831.83 CHF

2018-09-18 value Assets:VIAC 6850.03 CHF

2018-09-19 value Assets:VIAC 6887.87 CHF

2018-09-20 value Assets:VIAC 6895.63 CHF

2018-09-21 value Assets:VIAC 6916.43 CHF

2018-09-22 value Assets:VIAC 6913.91 CHF

2018-09-23 value Assets:VIAC 6913.75 CHF

2018-09-24 value Assets:VIAC 6907.01 CHF

2018-09-25 value Assets:VIAC 6936.07 CHF

2018-09-26 value Assets:VIAC 6952.12 CHF

2018-09-27 value Assets:VIAC 7003.64 CHF

2018-09-28 value Assets:VIAC 7007.67 CHF

2018-09-29 value Assets:VIAC 7008.16 CHF

2018-09-30 value Assets:VIAC 6999.49 CHF

2018-10-01 value Assets:VIAC 7036.34 CHF

2018-10-02 value Assets:VIAC 7002.31 CHF

2018-10-03 value Assets:VIAC 7051.92 CHF

2018-10-04 value Assets:VIAC 6986.37 CHF

2018-10-05 value Assets:VIAC 6942.43 CHF

2018-10-06 value Assets:VIAC 6942.4 CHF

2018-10-07 value Assets:VIAC 6940.96 CHF

2018-10-08 value Assets:VIAC 6892.11 CHF

2018-10-09 value Assets:VIAC 6893.1 CHF

2018-10-10 value Assets:VIAC 6797.21 CHF

2018-10-11 value Assets:VIAC 6626.36 CHF

2018-10-12 value Assets:VIAC 6654.04 CHF

2018-10-13 value Assets:VIAC 6654.25 CHF

2018-10-14 value Assets:VIAC 6654.4 CHF

2018-10-15 value Assets:VIAC 6630.76 CHF

2018-10-16 value Assets:VIAC 6727.8 CHF

2018-10-17 value Assets:VIAC 6735 CHF

2018-10-18 value Assets:VIAC 6711.95 CHF

2018-10-19 value Assets:VIAC 6736.38 CHF

2018-10-20 value Assets:VIAC 6736.09 CHF

2018-10-21 value Assets:VIAC 6735.69 CHF

2018-10-22 value Assets:VIAC 6716.77 CHF

2018-10-23 value Assets:VIAC 6594.27 CHF

2018-10-24 value Assets:VIAC 6571.98 CHF

2018-10-25 value Assets:VIAC 6564.09 CHF

2018-10-26 value Assets:VIAC 6493.68 CHF

2018-10-27 value Assets:VIAC 6493.4 CHF

2018-10-28 value Assets:VIAC 6493.18 CHF

2018-10-29 value Assets:VIAC 6554.89 CHF

2018-10-30 value Assets:VIAC 6592.62 CHF

2018-10-31 value Assets:VIAC 6723.87 CHF

2018-11-01 value Assets:VIAC 6734.36 CHF

2018-11-02 value Assets:VIAC 6747.6 CHF

2018-11-03 value Assets:VIAC 6747.96 CHF

2018-11-04 value Assets:VIAC 6748.62 CHF

2018-11-05 value Assets:VIAC 6747.1 CHF

2018-11-06 value Assets:VIAC 6755.37 CHF

2018-11-07 value Assets:VIAC 6813.18 CHF

2018-11-08 value Assets:VIAC 6852.84 CHF

2018-11-09 value Assets:VIAC 6804.18 CHF

2018-11-10 value Assets:VIAC 6803.93 CHF

2018-11-11 value Assets:VIAC 6805.82 CHF

2018-11-12 value Assets:VIAC 6737.53 CHF

2018-11-13 value Assets:VIAC 6735.92 CHF

2018-11-14 value Assets:VIAC 6688.44 CHF

2018-11-15 value Assets:VIAC 6658.17 CHF

2018-11-16 value Assets:VIAC 6669.94 CHF

2018-11-17 value Assets:VIAC 6687.44 CHF

2018-11-18 value Assets:VIAC 6672.82 CHF

2018-11-19 value Assets:VIAC 6600.1 CHF

2018-11-20 value Assets:VIAC 6520.29 CHF

2018-11-21 value Assets:VIAC 6558.28 CHF

2018-11-22 value Assets:VIAC 6516.63 CHF

2018-11-23 value Assets:VIAC 6546.36 CHF

2018-11-24 value Assets:VIAC 6547.58 CHF

2018-11-25 value Assets:VIAC 6547.72 CHF

2018-11-26 value Assets:VIAC 6606.12 CHF

2018-11-27 value Assets:VIAC 6603.45 CHF

2018-11-28 value Assets:VIAC 6614.36 CHF

2018-11-29 value Assets:VIAC 6693.05 CHF

2018-11-30 value Assets:VIAC 6692.59 CHF

2018-12-01 value Assets:VIAC 6693.08 CHF

2018-12-02 value Assets:VIAC 6698.91 CHF

2018-12-03 value Assets:VIAC 6781.18 CHF

2018-12-04 value Assets:VIAC 6742.87 CHF

2018-12-05 value Assets:VIAC 6644.44 CHF

2018-12-06 value Assets:VIAC 6445.25 CHF

2018-12-07 value Assets:VIAC 6491.44 CHF

2018-12-08 value Assets:VIAC 6490.19 CHF

2018-12-09 value Assets:VIAC 6490.37 CHF

2018-12-10 value Assets:VIAC 6342 CHF

2018-12-11 value Assets:VIAC 6445.1 CHF

2018-12-12 value Assets:VIAC 6540.84 CHF

2018-12-13 value Assets:VIAC 6520.24 CHF

2018-12-14 value Assets:VIAC 6461.32 CHF

2018-12-15 value Assets:VIAC 6460.75 CHF

2018-12-16 value Assets:VIAC 6460.53 CHF

2018-12-17 value Assets:VIAC 6379.11 CHF

2018-12-18 value Assets:VIAC 6316.82 CHF

2018-12-19 value Assets:VIAC 6332.21 CHF

2018-12-20 value Assets:VIAC 6185.2 CHF

2018-12-21 value Assets:VIAC 6197.12 CHF

2018-12-22 value Assets:VIAC 6175.93 CHF

2018-12-23 value Assets:VIAC 6175.93 CHF

2018-12-24 value Assets:VIAC 6167.94 CHF

2018-12-25 value Assets:VIAC 6168.95 CHF

2018-12-26 value Assets:VIAC 6197.62 CHF

2018-12-27 value Assets:VIAC 6091.4 CHF

2018-12-28 value Assets:VIAC 6192.62 CHF

2018-12-29 value Assets:VIAC 6193.14 CHF

2018-12-30 value Assets:VIAC 6192.13 CHF

2018-12-31 value Assets:VIAC 6200.79 CHF

2019-01-01 value Assets:VIAC 6195.68 CHF

2019-01-02 value Assets:VIAC 6234.61 CHF

2019-01-03 value Assets:VIAC 6191.13 CHF

2019-01-04 value Assets:VIAC 6288.32 CHF

2019-01-05 value Assets:VIAC 6286.43 CHF

2019-01-06 value Assets:VIAC 6285.43 CHF

2019-01-07 value Assets:VIAC 6301.65 CHF

2019-01-08 value Assets:VIAC 6337.85 CHF

2019-01-09 value Assets:VIAC 6384.11 CHF

2019-01-10 value Assets:VIAC 6447.8 CHF

2019-01-11 value Assets:VIAC 6456.31 CHF

2019-01-12 value Assets:VIAC 6456.28 CHF

2019-01-13 value Assets:VIAC 6457.47 CHF

2019-01-14 value Assets:VIAC 6416.69 CHF

2019-01-15 value Assets:VIAC 6484.77 CHF

2019-01-16 value Assets:VIAC 6532.95 CHF

2019-01-17 value Assets:VIAC 6555.73 CHF

2019-01-18 value Assets:VIAC 6650.04 CHF

2019-01-19 value Assets:VIAC 6651.86 CHF

2019-01-20 value Assets:VIAC 6648.74 CHF

2019-01-21 value Assets:VIAC 6654.17 CHF

2019-01-22 value Assets:VIAC 6614.55 CHF

2019-01-23 value Assets:VIAC 6594.14 CHF

2019-01-24 value Assets:VIAC 6604.71 CHF

2019-01-25 value Assets:VIAC 6641.1 CHF

2019-01-26 value Assets:VIAC 6638.2 CHF

2019-01-27 value Assets:VIAC 6639.36 CHF

2019-01-28 value Assets:VIAC 6582.53 CHF

2019-01-29 value Assets:VIAC 6623.84 CHF

2019-01-30 value Assets:VIAC 6660.66 CHF

2019-01-31 value Assets:VIAC 6701.7 CHF

2019-02-01 value Assets:VIAC 6719.42 CHF

2019-02-02 value Assets:VIAC 6719.69 CHF

2019-02-03 value Assets:VIAC 6718.94 CHF

2019-02-04 value Assets:VIAC 6734.77 CHF

2019-02-05 value Assets:VIAC 6804.77 CHF

2019-02-06 value Assets:VIAC 6812.17 CHF

2019-02-07 value Assets:VIAC 6739.22 CHF

2019-02-08 value Assets:VIAC 6682.96 CHF

2019-02-09 value Assets:VIAC 6689.46 CHF

2019-02-10 value Assets:VIAC 6686.11 CHF

2019-02-11 value Assets:VIAC 6740.14 CHF

2019-02-12 value Assets:VIAC 13636.91 CHF

2019-02-13 value Assets:VIAC 13675.77 CHF

2019-02-14 value Assets:VIAC 13642.04 CHF

2019-02-15 value Assets:VIAC 13691.99 CHF

2019-02-16 value Assets:VIAC 13692.34 CHF

2019-02-17 value Assets:VIAC 13689.63 CHF

2019-02-18 value Assets:VIAC 13719.27 CHF

2019-02-19 value Assets:VIAC 13702.76 CHF

2019-02-20 value Assets:VIAC 13736.79 CHF

2019-02-21 value Assets:VIAC 13734.17 CHF

2019-02-22 value Assets:VIAC 13758.83 CHF

2019-02-23 value Assets:VIAC 13759.92 CHF

2019-02-24 value Assets:VIAC 13758.92 CHF

2019-02-25 value Assets:VIAC 13798.71 CHF

2019-02-26 value Assets:VIAC 13804.21 CHF

2019-02-27 value Assets:VIAC 13779.86 CHF

2019-02-28 value Assets:VIAC 13751.94 CHF

2019-03-01 value Assets:VIAC 13772.91 CHF

2019-03-02 value Assets:VIAC 13772.36 CHF

2019-03-03 value Assets:VIAC 13767.83 CHF

2019-03-04 value Assets:VIAC 13787.07 CHF

2019-03-05 value Assets:VIAC 13800.03 CHF

2019-03-06 value Assets:VIAC 13781.67 CHF

2019-03-07 value Assets:VIAC 13733.35 CHF

2019-03-08 value Assets:VIAC 13600.85 CHF

2019-03-09 value Assets:VIAC 13600.42 CHF

2019-03-10 value Assets:VIAC 13600.41 CHF

2019-03-11 value Assets:VIAC 13759.66 CHF

2019-03-12 value Assets:VIAC 13795.48 CHF

2019-03-13 value Assets:VIAC 13827.82 CHF

2019-03-14 value Assets:VIAC 13877.44 CHF

2019-03-15 value Assets:VIAC 13929 CHF

2019-03-16 value Assets:VIAC 13926.68 CHF

2019-03-17 value Assets:VIAC 13929.26 CHF

2019-03-18 value Assets:VIAC 13953.14 CHF

2019-03-19 value Assets:VIAC 14004.7 CHF

2019-03-20 value Assets:VIAC 13848.49 CHF

2019-03-21 value Assets:VIAC 13880.17 CHF

2019-03-22 value Assets:VIAC 13730.84 CHF

2019-03-23 value Assets:VIAC 13730.58 CHF

2019-03-24 value Assets:VIAC 13731.4 CHF

2019-03-25 value Assets:VIAC 13647.67 CHF

2019-03-26 value Assets:VIAC 13758.28 CHF

2019-03-27 value Assets:VIAC 13725.3 CHF

2019-03-28 value Assets:VIAC 13734.08 CHF

2019-03-29 value Assets:VIAC 13847.84 CHF

2019-03-30 value Assets:VIAC 13845.33 CHF

2019-03-31 value Assets:VIAC 13837.78 CHF

2019-04-01 value Assets:VIAC 14013.92 CHF

2019-04-02 value Assets:VIAC 14015.18 CHF

2019-04-03 value Assets:VIAC 14113.12 CHF

2019-04-04 value Assets:VIAC 14103.67 CHF

2019-04-05 value Assets:VIAC 14155.77 CHF

2019-04-06 value Assets:VIAC 14153.33 CHF

2019-04-07 value Assets:VIAC 14152.17 CHF

2019-04-08 value Assets:VIAC 14157.6 CHF

2019-04-09 value Assets:VIAC 14159.15 CHF

2019-04-10 value Assets:VIAC 14189.93 CHF

2019-04-11 value Assets:VIAC 14186.81 CHF

2019-04-12 value Assets:VIAC 14200.82 CHF

2019-04-13 value Assets:VIAC 14204.19 CHF

2019-04-14 value Assets:VIAC 14199.81 CHF

2019-04-15 value Assets:VIAC 14254.87 CHF

2019-04-16 value Assets:VIAC 14350.66 CHF

2019-04-17 value Assets:VIAC 14376.06 CHF

2019-04-18 value Assets:VIAC 14397.21 CHF

2019-04-19 value Assets:VIAC 14390.71 CHF

2019-04-20 value Assets:VIAC 14391.41 CHF

2019-04-21 value Assets:VIAC 14387.37 CHF

2019-04-22 value Assets:VIAC 14402.7 CHF

2019-04-23 value Assets:VIAC 14542.26 CHF

2019-04-24 value Assets:VIAC 14531.09 CHF

2019-04-25 value Assets:VIAC 14520.81 CHF

2019-04-26 value Assets:VIAC 14543.48 CHF

2019-04-27 value Assets:VIAC 14542.39 CHF

2019-04-28 value Assets:VIAC 14536.75 CHF

2019-04-29 value Assets:VIAC 14587.22 CHF

2019-04-30 value Assets:VIAC 14567.82 CHF

2019-05-01 value Assets:VIAC 14549.52 CHF

2019-05-02 value Assets:VIAC 14510.02 CHF

2019-05-03 value Assets:VIAC 14555.66 CHF

2019-05-04 value Assets:VIAC 14550.14 CHF

2019-05-05 value Assets:VIAC 14551.95 CHF

2019-05-06 value Assets:VIAC 14482.05 CHF

2019-05-07 value Assets:VIAC 14357.7 CHF

2019-05-08 value Assets:VIAC 14363.69 CHF

2019-05-09 value Assets:VIAC 14087.18 CHF

2019-05-10 value Assets:VIAC 14081.13 CHF

2019-05-11 value Assets:VIAC 14082.11 CHF

2019-05-12 value Assets:VIAC 14072.61 CHF

2019-05-13 value Assets:VIAC 13888.03 CHF

2019-05-14 value Assets:VIAC 13992.87 CHF

2019-05-15 value Assets:VIAC 14052.27 CHF

2019-05-16 value Assets:VIAC 14224.98 CHF

2019-05-17 value Assets:VIAC 14116.66 CHF

2019-05-18 value Assets:VIAC 14116.9 CHF

2019-05-19 value Assets:VIAC 14112.11 CHF

2019-05-20 value Assets:VIAC 13989.86 CHF

2019-05-21 value Assets:VIAC 14078.21 CHF

2019-05-22 value Assets:VIAC 14069.45 CHF

2019-05-23 value Assets:VIAC 13877.38 CHF

2019-05-24 value Assets:VIAC 13923.91 CHF

2019-05-25 value Assets:VIAC 13930.46 CHF

2019-05-26 value Assets:VIAC 13924.6 CHF

2019-05-27 value Assets:VIAC 13979.48 CHF

2019-05-28 value Assets:VIAC 13991.3 CHF

2019-05-29 value Assets:VIAC 13794.93 CHF

2019-05-30 value Assets:VIAC 13816.63 CHF

2019-05-31 value Assets:VIAC 13717.49 CHF

2019-06-01 value Assets:VIAC 13716.18 CHF

2019-06-02 value Assets:VIAC 13724.36 CHF

2019-06-03 value Assets:VIAC 13686.49 CHF

2019-06-04 value Assets:VIAC 13746.28 CHF

2019-06-05 value Assets:VIAC 13852.72 CHF

2019-06-06 value Assets:VIAC 13874.55 CHF

2019-06-07 value Assets:VIAC 13975.8 CHF

2019-06-08 value Assets:VIAC 13973.78 CHF

2019-06-09 value Assets:VIAC 13983.28 CHF

2019-06-10 value Assets:VIAC 13988.59 CHF

2019-06-11 value Assets:VIAC 14157.49 CHF

2019-06-12 value Assets:VIAC 14146.46 CHF

2019-06-13 value Assets:VIAC 14140.02 CHF

2019-06-14 value Assets:VIAC 14148.86 CHF

2019-06-15 value Assets:VIAC 14147.76 CHF

2019-06-16 value Assets:VIAC 14138.2 CHF

2019-06-17 value Assets:VIAC 14153.5 CHF

2019-06-18 value Assets:VIAC 14321.53 CHF

2019-06-19 value Assets:VIAC 14290.54 CHF

2019-06-20 value Assets:VIAC 14282.37 CHF

2019-06-21 value Assets:VIAC 14227.14 CHF

2019-06-22 value Assets:VIAC 14215.84 CHF

2019-06-23 value Assets:VIAC 14226.75 CHF

2019-06-24 value Assets:VIAC 14172.87 CHF

2019-06-25 value Assets:VIAC 14153.64 CHF

2019-06-26 value Assets:VIAC 14125 CHF

2019-06-27 value Assets:VIAC 14146.78 CHF

2019-06-28 value Assets:VIAC 14210.1 CHF

2019-06-29 value Assets:VIAC 14210.01 CHF

2019-06-30 value Assets:VIAC 14215.31 CHF

2019-07-01 value Assets:VIAC 14394.45 CHF

2019-07-02 value Assets:VIAC 14427.84 CHF

2019-07-03 value Assets:VIAC 14503.26 CHF

2019-07-04 value Assets:VIAC 14524.04 CHF

2019-07-05 value Assets:VIAC 14466.89 CHF

2019-07-06 value Assets:VIAC 14467.61 CHF

2019-07-07 value Assets:VIAC 14462.89 CHF

2019-07-08 value Assets:VIAC 14456.16 CHF

2019-07-09 value Assets:VIAC 14409.04 CHF

2019-07-10 value Assets:VIAC 14408.73 CHF

2019-07-11 value Assets:VIAC 14411.69 CHF

2019-07-12 value Assets:VIAC 14328.09 CHF

2019-07-13 value Assets:VIAC 14327.78 CHF

2019-07-14 value Assets:VIAC 14331.61 CHF

2019-07-15 value Assets:VIAC 14366.04 CHF

2019-07-16 value Assets:VIAC 14409.22 CHF

2019-07-17 value Assets:VIAC 14407.93 CHF

2019-07-18 value Assets:VIAC 14343.58 CHF

2019-07-19 value Assets:VIAC 14371.29 CHF

2019-07-20 value Assets:VIAC 14377.25 CHF

2019-07-21 value Assets:VIAC 14382.08 CHF

2019-07-22 value Assets:VIAC 14324.28 CHF

2019-07-23 value Assets:VIAC 14415.68 CHF

2019-07-24 value Assets:VIAC 14410.87 CHF

2019-07-25 value Assets:VIAC 14442.32 CHF

2019-07-26 value Assets:VIAC 14519.65 CHF

2019-07-27 value Assets:VIAC 14493.8 CHF

2019-07-28 value Assets:VIAC 14516.77 CHF

2019-07-29 value Assets:VIAC 14497.12 CHF

2019-07-30 value Assets:VIAC 14413.56 CHF

2019-07-31 value Assets:VIAC 14429.93 CHF

2019-08-01 value Assets:VIAC 14412.8 CHF

2019-08-02 value Assets:VIAC 14047.13 CHF

2019-08-03 value Assets:VIAC 14068.48 CHF

2019-08-04 value Assets:VIAC 14048.77 CHF

2019-08-05 value Assets:VIAC 13706.86 CHF

2019-08-06 value Assets:VIAC 13664.11 CHF

2019-08-07 value Assets:VIAC 13662.44 CHF

2019-08-08 value Assets:VIAC 13900.26 CHF

2019-08-09 value Assets:VIAC 13859.94 CHF

2019-08-10 value Assets:VIAC 13863.19 CHF

2019-08-11 value Assets:VIAC 13866.68 CHF

2019-08-12 value Assets:VIAC 13789.59 CHF

2019-08-13 value Assets:VIAC 13884.68 CHF

2019-08-14 value Assets:VIAC 13645.9 CHF

2019-08-15 value Assets:VIAC 13615.24 CHF

2019-08-16 value Assets:VIAC 13786.94 CHF

2019-08-17 value Assets:VIAC 13788.42 CHF

2019-08-18 value Assets:VIAC 13785.16 CHF

2019-08-19 value Assets:VIAC 13950.66 CHF

2019-08-20 value Assets:VIAC 13888.32 CHF

2019-08-21 value Assets:VIAC 13997.09 CHF

2019-08-22 value Assets:VIAC 13965.19 CHF

2019-08-23 value Assets:VIAC 13811.36 CHF

2019-08-24 value Assets:VIAC 13810.33 CHF

2019-08-25 value Assets:VIAC 13791.68 CHF

2019-08-26 value Assets:VIAC 13767.71 CHF

2019-08-27 value Assets:VIAC 13856.53 CHF

2019-08-28 value Assets:VIAC 13837.59 CHF

2019-08-29 value Assets:VIAC 14007.04 CHF

2019-08-30 value Assets:VIAC 14107.34 CHF

2019-08-31 value Assets:VIAC 14100.8 CHF

2019-09-01 value Assets:VIAC 14100.26 CHF

2019-09-02 value Assets:VIAC 14097.86 CHF

2019-09-03 value Assets:VIAC 14008.97 CHF

2019-09-04 value Assets:VIAC 14074.6 CHF

2019-09-05 value Assets:VIAC 14277.46 CHF

2019-09-06 value Assets:VIAC 14369.65 CHF

2019-09-07 value Assets:VIAC 14366.01 CHF

2019-09-08 value Assets:VIAC 14353.78 CHF

2019-09-09 value Assets:VIAC 14405.58 CHF

2019-09-10 value Assets:VIAC 14343.23 CHF

2019-09-11 value Assets:VIAC 14475.87 CHF

2019-09-12 value Assets:VIAC 14503.78 CHF

2019-09-13 value Assets:VIAC 14518.29 CHF

2019-09-14 value Assets:VIAC 14509.13 CHF

2019-09-15 value Assets:VIAC 14494.47 CHF

2019-09-16 value Assets:VIAC 14440.08 CHF

2019-09-17 value Assets:VIAC 14473.19 CHF

2019-09-18 value Assets:VIAC 14500.11 CHF

2019-09-19 value Assets:VIAC 14535.06 CHF

2019-09-20 value Assets:VIAC 14508.67 CHF

2019-09-21 value Assets:VIAC 14507.12 CHF

2019-09-22 value Assets:VIAC 14506.9 CHF

2019-09-23 value Assets:VIAC 14410.34 CHF

2019-09-24 value Assets:VIAC 14372.36 CHF

2019-09-25 value Assets:VIAC 14332.32 CHF

2019-09-26 value Assets:VIAC 14400.74 CHF

2019-09-27 value Assets:VIAC 14401.17 CHF

2019-09-28 value Assets:VIAC 14401.27 CHF

2019-09-29 value Assets:VIAC 14400.23 CHF

2019-09-30 value Assets:VIAC 14467.74 CHF

2019-10-01 value Assets:VIAC 14334.38 CHF

2019-10-02 value Assets:VIAC 14080.78 CHF

2019-10-03 value Assets:VIAC 14097.25 CHF

2019-10-04 value Assets:VIAC 14202.11 CHF

2019-10-05 value Assets:VIAC 14201.93 CHF

2019-10-06 value Assets:VIAC 14195.61 CHF

2019-10-07 value Assets:VIAC 14277.07 CHF

2019-10-08 value Assets:VIAC 14097.24 CHF

2019-10-09 value Assets:VIAC 14162.26 CHF

2019-10-10 value Assets:VIAC 14275.81 CHF

2019-10-11 value Assets:VIAC 14494.18 CHF

2019-10-12 value Assets:VIAC 14493.22 CHF

2019-10-13 value Assets:VIAC 14499.06 CHF

2019-10-14 value Assets:VIAC 14427.7 CHF

2019-10-15 value Assets:VIAC 14555.98 CHF

2019-10-16 value Assets:VIAC 14527.15 CHF

2019-10-17 value Assets:VIAC 14466.1 CHF

2019-10-18 value Assets:VIAC 14400.53 CHF

2019-10-19 value Assets:VIAC 14397.86 CHF

2019-10-20 value Assets:VIAC 14411.08 CHF

2019-10-21 value Assets:VIAC 14469.01 CHF

2019-10-22 value Assets:VIAC 14521.43 CHF

2019-10-23 value Assets:VIAC 14517.58 CHF

2019-10-24 value Assets:VIAC 14609.47 CHF

2019-10-25 value Assets:VIAC 14701.85 CHF

2019-10-26 value Assets:VIAC 14697.73 CHF

2019-10-27 value Assets:VIAC 14698.98 CHF

2019-10-28 value Assets:VIAC 14754.4 CHF

2019-10-29 value Assets:VIAC 14774.3 CHF

2019-10-30 value Assets:VIAC 14724.8 CHF

2019-10-31 value Assets:VIAC 14660.3 CHF

2019-11-01 value Assets:VIAC 14756.95 CHF

2019-11-02 value Assets:VIAC 14751.02 CHF

2019-11-03 value Assets:VIAC 14745.43 CHF

2019-11-04 value Assets:VIAC 14877.11 CHF

2019-11-05 value Assets:VIAC 14902.51 CHF

2019-11-06 value Assets:VIAC 14914.08 CHF

2019-11-07 value Assets:VIAC 14998.29 CHF

2019-11-08 value Assets:VIAC 14971.4 CHF

2019-11-09 value Assets:VIAC 14968.06 CHF

2019-11-10 value Assets:VIAC 14972.01 CHF

2019-11-11 value Assets:VIAC 14924.94 CHF

2019-11-12 value Assets:VIAC 14956.86 CHF

2019-11-13 value Assets:VIAC 14878.61 CHF

2019-11-14 value Assets:VIAC 14830.57 CHF

2019-11-15 value Assets:VIAC 14947.73 CHF

2019-11-16 value Assets:VIAC 14944.81 CHF

2019-11-17 value Assets:VIAC 14945.51 CHF

2019-11-18 value Assets:VIAC 14969.52 CHF

2019-11-19 value Assets:VIAC 15000.24 CHF

2019-11-20 value Assets:VIAC 14983.27 CHF

2019-11-21 value Assets:VIAC 14946.58 CHF

2019-11-22 value Assets:VIAC 15008.14 CHF

2019-11-23 value Assets:VIAC 15005.77 CHF

2019-11-24 value Assets:VIAC 15013.13 CHF

2019-11-25 value Assets:VIAC 15121.65 CHF

2019-11-26 value Assets:VIAC 15170.12 CHF

2019-11-27 value Assets:VIAC 15219.95 CHF

2019-11-28 value Assets:VIAC 15220.53 CHF

2019-11-29 value Assets:VIAC 15180.45 CHF

2019-11-30 value Assets:VIAC 15174.71 CHF

2019-12-01 value Assets:VIAC 15175.42 CHF

2019-12-02 value Assets:VIAC 14966.74 CHF

2019-12-03 value Assets:VIAC 14787.03 CHF

2019-12-04 value Assets:VIAC 14930.11 CHF

2019-12-05 value Assets:VIAC 14936.6 CHF

2019-12-06 value Assets:VIAC 15104.84 CHF

2019-12-07 value Assets:VIAC 15104.6 CHF

2019-12-08 value Assets:VIAC 15104.13 CHF

2019-12-09 value Assets:VIAC 15066.89 CHF

2019-12-10 value Assets:VIAC 14992.37 CHF

2019-12-11 value Assets:VIAC 15005.55 CHF

2019-12-12 value Assets:VIAC 15116.58 CHF

2019-12-13 value Assets:VIAC 15147.68 CHF

2019-12-14 value Assets:VIAC 15151.55 CHF

2019-12-15 value Assets:VIAC 15142.1 CHF

2019-12-16 value Assets:VIAC 15279.4 CHF

2019-12-17 value Assets:VIAC 15260.21 CHF

2019-12-18 value Assets:VIAC 15266.79 CHF

2019-12-19 value Assets:VIAC 15265.75 CHF

2019-12-20 value Assets:VIAC 15398.1 CHF

2019-12-21 value Assets:VIAC 15397.46 CHF

2019-12-22 value Assets:VIAC 15393.4 CHF

2019-12-23 value Assets:VIAC 15427.53 CHF

2019-12-24 value Assets:VIAC 15415.13 CHF

2019-12-25 value Assets:VIAC 15410.32 CHF

2019-12-26 value Assets:VIAC 15423.87 CHF

2019-12-27 value Assets:VIAC 15416.59 CHF

2019-12-28 value Assets:VIAC 15418.5 CHF

2019-12-29 value Assets:VIAC 15418.39 CHF

2019-12-30 value Assets:VIAC 15277.95 CHF

2019-12-31 value Assets:VIAC 15249.15 CHF

2020-01-01 value Assets:VIAC 15249.56 CHF

2020-01-02 value Assets:VIAC 15338.59 CHF

2020-01-03 value Assets:VIAC 15370.35 CHF

2020-01-04 value Assets:VIAC 15370.58 CHF

2020-01-05 value Assets:VIAC 15360.26 CHF

2020-01-06 value Assets:VIAC 15291.74 CHF

2020-01-07 value Assets:VIAC 15357.14 CHF

2020-01-08 value Assets:VIAC 15360.83 CHF

2020-01-09 value Assets:VIAC 15433.62 CHF

2020-01-10 value Assets:VIAC 15439.08 CHF

2020-01-11 value Assets:VIAC 15435.43 CHF

2020-01-12 value Assets:VIAC 15443.53 CHF

2020-01-13 value Assets:VIAC 15428.46 CHF

2020-01-14 value Assets:VIAC 15438.23 CHF

2020-01-15 value Assets:VIAC 15424.87 CHF

2020-01-16 value Assets:VIAC 15458.9 CHF

2020-01-17 value Assets:VIAC 15610.21 CHF

2020-01-18 value Assets:VIAC 15603.74 CHF

2020-01-19 value Assets:VIAC 15611.11 CHF

2020-01-20 value Assets:VIAC 15621.28 CHF

2020-01-21 value Assets:VIAC 15616.85 CHF

2020-01-22 value Assets:VIAC 15637.07 CHF

2020-01-23 value Assets:VIAC 22354.6 CHF

2020-01-24 value Assets:VIAC 22427.82 CHF

2020-01-25 value Assets:VIAC 22428.62 CHF

2020-01-26 value Assets:VIAC 22424.18 CHF

2020-01-27 value Assets:VIAC 22144.45 CHF

2020-01-28 value Assets:VIAC 22285.08 CHF

2020-01-29 value Assets:VIAC 22322.81 CHF

2020-01-30 value Assets:VIAC 22115.41 CHF

2020-01-31 value Assets:VIAC 21949 CHF

2020-02-01 value Assets:VIAC 21951.02 CHF

2020-02-02 value Assets:VIAC 21952.33 CHF

2020-02-03 value Assets:VIAC 22003 CHF

2020-02-04 value Assets:VIAC 22237.26 CHF

2020-02-05 value Assets:VIAC 22538.49 CHF

2020-02-06 value Assets:VIAC 22708.55 CHF

2020-02-07 value Assets:VIAC 22684.04 CHF

2020-02-08 value Assets:VIAC 22689.48 CHF

2020-02-09 value Assets:VIAC 22678.96 CHF

2020-02-10 value Assets:VIAC 22688.69 CHF

2020-02-11 value Assets:VIAC 22825.32 CHF

2020-02-12 value Assets:VIAC 22917.16 CHF

2020-02-13 value Assets:VIAC 22910.58 CHF

2020-02-14 value Assets:VIAC 22982.11 CHF

2020-02-15 value Assets:VIAC 22983.94 CHF

2020-02-16 value Assets:VIAC 22980.93 CHF

2020-02-17 value Assets:VIAC 23011.46 CHF

2020-02-18 value Assets:VIAC 22897.24 CHF

2020-02-19 value Assets:VIAC 23085.2 CHF

2020-02-20 value Assets:VIAC 22876.21 CHF

2020-02-21 value Assets:VIAC 22737.05 CHF

2020-02-22 value Assets:VIAC 22739.51 CHF

2020-02-23 value Assets:VIAC 22750.98 CHF

2020-02-24 value Assets:VIAC 22064.39 CHF

2020-02-25 value Assets:VIAC 21674.54 CHF

2020-02-26 value Assets:VIAC 21620.91 CHF

2020-02-27 value Assets:VIAC 21000.19 CHF

2020-02-28 value Assets:VIAC 20212.28 CHF

2020-02-29 value Assets:VIAC 20200.66 CHF

2020-03-01 value Assets:VIAC 20199.49 CHF

2020-03-02 value Assets:VIAC 20487.18 CHF

2020-03-03 value Assets:VIAC 20707.07 CHF

2020-03-04 value Assets:VIAC 21035.2 CHF

2020-03-05 value Assets:VIAC 20576.79 CHF

2020-03-06 value Assets:VIAC 19909.49 CHF

2020-03-07 value Assets:VIAC 19901.31 CHF

2020-03-08 value Assets:VIAC 19808.06 CHF

2020-03-09 value Assets:VIAC 18502.72 CHF

2020-03-10 value Assets:VIAC 18909.92 CHF

2020-03-11 value Assets:VIAC 18488.91 CHF

2020-03-12 value Assets:VIAC 16865.52 CHF

2020-03-13 value Assets:VIAC 17492.79 CHF

2020-03-14 value Assets:VIAC 17497.38 CHF

2020-03-15 value Assets:VIAC 17468.09 CHF

2020-03-16 value Assets:VIAC 16308.93 CHF

2020-03-17 value Assets:VIAC 16918.24 CHF

2020-03-18 value Assets:VIAC 16370.03 CHF

2020-03-19 value Assets:VIAC 16883.63 CHF

2020-03-20 value Assets:VIAC 16681.62 CHF

2020-03-21 value Assets:VIAC 16678.75 CHF

2020-03-22 value Assets:VIAC 16677.1 CHF

2020-03-23 value Assets:VIAC 16000.31 CHF

2020-03-24 value Assets:VIAC 17203.41 CHF

2020-03-25 value Assets:VIAC 17648.44 CHF

2020-03-26 value Assets:VIAC 18101.69 CHF

2020-03-27 value Assets:VIAC 17592.88 CHF

2020-03-28 value Assets:VIAC 17588.98 CHF

2020-03-29 value Assets:VIAC 17592.9 CHF

2020-03-30 value Assets:VIAC 17984.97 CHF

2020-03-31 value Assets:VIAC 18063.12 CHF

2020-04-01 value Assets:VIAC 17606.21 CHF

2020-04-02 value Assets:VIAC 17836.79 CHF

2020-04-03 value Assets:VIAC 17730.74 CHF

2020-04-04 value Assets:VIAC 17728.74 CHF

2020-04-05 value Assets:VIAC 17722.77 CHF

2020-04-06 value Assets:VIAC 18479.98 CHF

2020-04-07 value Assets:VIAC 18579.28 CHF

2020-04-08 value Assets:VIAC 18782.54 CHF

2020-04-09 value Assets:VIAC 18899.89 CHF

2020-04-10 value Assets:VIAC 18888.56 CHF

2020-04-11 value Assets:VIAC 18896.35 CHF

2020-04-12 value Assets:VIAC 18895 CHF

2020-04-13 value Assets:VIAC 18912.53 CHF

2020-04-14 value Assets:VIAC 19127.2 CHF

2020-04-15 value Assets:VIAC 18762.35 CHF

2020-04-16 value Assets:VIAC 18892.61 CHF

2020-04-17 value Assets:VIAC 19304.77 CHF

2020-04-18 value Assets:VIAC 19302.13 CHF

2020-04-19 value Assets:VIAC 19308.32 CHF

2020-04-20 value Assets:VIAC 19299.16 CHF

2020-04-21 value Assets:VIAC 18823.53 CHF

2020-04-22 value Assets:VIAC 19114.14 CHF

2020-04-23 value Assets:VIAC 19199.28 CHF

2020-04-24 value Assets:VIAC 19203.68 CHF

2020-04-25 value Assets:VIAC 19205.65 CHF

2020-04-26 value Assets:VIAC 19204.81 CHF

2020-04-27 value Assets:VIAC 19558.85 CHF

2020-04-28 value Assets:VIAC 19674.04 CHF

2020-04-29 value Assets:VIAC 19963.69 CHF

2020-04-30 value Assets:VIAC 19599.74 CHF

2020-05-01 value Assets:VIAC 19564.18 CHF

2020-05-02 value Assets:VIAC 19565.74 CHF

2020-05-03 value Assets:VIAC 19559.61 CHF

2020-05-04 value Assets:VIAC 19092.97 CHF

2020-05-05 value Assets:VIAC 19402.78 CHF

2020-05-06 value Assets:VIAC 19425.57 CHF

2020-05-07 value Assets:VIAC 19534.28 CHF

2020-05-08 value Assets:VIAC 19739.18 CHF

2020-05-09 value Assets:VIAC 19722.54 CHF

2020-05-10 value Assets:VIAC 19732.94 CHF

2020-05-11 value Assets:VIAC 19785.86 CHF

2020-05-12 value Assets:VIAC 19617.25 CHF

2020-05-13 value Assets:VIAC 19395.01 CHF

2020-05-14 value Assets:VIAC 19071.72 CHF

2020-05-15 value Assets:VIAC 19149.23 CHF

2020-05-16 value Assets:VIAC 19149.97 CHF

2020-05-17 value Assets:VIAC 19149.51 CHF

2020-05-18 value Assets:VIAC 19689.92 CHF

2020-05-19 value Assets:VIAC 19699.33 CHF

2020-05-20 value Assets:VIAC 19814 CHF

2020-05-21 value Assets:VIAC 19883.5 CHF

2020-05-22 value Assets:VIAC 19675.98 CHF

2020-05-23 value Assets:VIAC 19676.03 CHF

2020-05-24 value Assets:VIAC 19682 CHF

2020-05-25 value Assets:VIAC 19815.05 CHF

2020-05-26 value Assets:VIAC 19996.75 CHF

2020-05-27 value Assets:VIAC 20064.31 CHF

2020-05-28 value Assets:VIAC 20218.26 CHF

2020-05-29 value Assets:VIAC 20132.98 CHF

2020-05-30 value Assets:VIAC 20134.16 CHF

2020-05-31 value Assets:VIAC 20120.78 CHF

2020-06-01 value Assets:VIAC 20126.44 CHF

2020-06-02 value Assets:VIAC 20499.75 CHF

2020-06-03 value Assets:VIAC 20874.09 CHF

2020-06-04 value Assets:VIAC 20702.9 CHF

2020-06-05 value Assets:VIAC 21149.14 CHF

2020-06-06 value Assets:VIAC 21151.24 CHF

2020-06-07 value Assets:VIAC 21132.68 CHF

2020-06-08 value Assets:VIAC 21146.68 CHF

2020-06-09 value Assets:VIAC 20988.4 CHF

2020-06-10 value Assets:VIAC 20846.5 CHF

2020-06-11 value Assets:VIAC 20030.81 CHF

2020-06-12 value Assets:VIAC 20161.51 CHF

2020-06-13 value Assets:VIAC 20159.05 CHF

2020-06-14 value Assets:VIAC 20163.7 CHF

2020-06-15 value Assets:VIAC 20149.97 CHF

2020-06-16 value Assets:VIAC 20599.91 CHF

2020-06-17 value Assets:VIAC 20670.97 CHF

2020-06-18 value Assets:VIAC 20676.82 CHF

2020-06-19 value Assets:VIAC 20721.26 CHF

2020-06-20 value Assets:VIAC 20721.96 CHF

2020-06-21 value Assets:VIAC 20717.64 CHF

2020-06-22 value Assets:VIAC 20637.08 CHF

2020-06-23 value Assets:VIAC 20772.69 CHF

2020-06-24 value Assets:VIAC 20395.81 CHF

2020-06-25 value Assets:VIAC 20502 CHF

2020-06-26 value Assets:VIAC 20284.4 CHF

2020-06-27 value Assets:VIAC 20285.25 CHF

2020-06-28 value Assets:VIAC 20285.9 CHF

2020-06-29 value Assets:VIAC 20432.51 CHF

2020-06-30 value Assets:VIAC 20487.31 CHF

2020-07-01 value Assets:VIAC 20543.2 CHF

2020-07-02 value Assets:VIAC 20751.56 CHF

2020-07-03 value Assets:VIAC 20716.64 CHF

2020-07-04 value Assets:VIAC 20715.59 CHF

2020-07-05 value Assets:VIAC 20715.28 CHF

2020-07-06 value Assets:VIAC 21010.32 CHF

2020-07-07 value Assets:VIAC 20874.46 CHF

2020-07-08 value Assets:VIAC 20877.43 CHF

2020-07-09 value Assets:VIAC 20837.9 CHF

2020-07-10 value Assets:VIAC 20972.26 CHF

2020-07-11 value Assets:VIAC 20974.09 CHF

2020-07-12 value Assets:VIAC 20969.37 CHF

2020-07-13 value Assets:VIAC 21021.52 CHF

2020-07-14 value Assets:VIAC 21017.35 CHF

2020-07-15 value Assets:VIAC 21386.14 CHF

2020-07-16 value Assets:VIAC 21267.2 CHF

2020-07-17 value Assets:VIAC 21218.56 CHF

2020-07-18 value Assets:VIAC 21216.36 CHF

2020-07-19 value Assets:VIAC 21236.8 CHF

2020-07-20 value Assets:VIAC 21380.21 CHF

2020-07-21 value Assets:VIAC 21368.81 CHF

2020-07-22 value Assets:VIAC 21317.76 CHF

2020-07-23 value Assets:VIAC 21147.68 CHF

2020-07-24 value Assets:VIAC 20844.52 CHF

2020-07-25 value Assets:VIAC 20844.32 CHF

2020-07-26 value Assets:VIAC 20846.77 CHF

2020-07-27 value Assets:VIAC 20983.51 CHF

2020-07-28 value Assets:VIAC 20912.51 CHF

2020-07-29 value Assets:VIAC 20945.22 CHF

2020-07-30 value Assets:VIAC 20693.79 CHF

2020-07-31 value Assets:VIAC 20653.51 CHF

2020-08-01 value Assets:VIAC 20650.75 CHF

2020-08-02 value Assets:VIAC 20655.42 CHF

2020-08-03 value Assets:VIAC 20969.05 CHF

2020-08-04 value Assets:VIAC 20951.57 CHF

2020-08-05 value Assets:VIAC 20953.93 CHF

2020-08-06 value Assets:VIAC 20994.59 CHF

2020-08-07 value Assets:VIAC 20991.65 CHF

2020-08-08 value Assets:VIAC 20984.87 CHF

2020-08-09 value Assets:VIAC 20990.18 CHF

2020-08-10 value Assets:VIAC 21049.38 CHF

2020-08-11 value Assets:VIAC 21149.59 CHF

2020-08-12 value Assets:VIAC 21320.54 CHF

2020-08-13 value Assets:VIAC 21284.49 CHF

2020-08-14 value Assets:VIAC 21181.36 CHF

2020-08-15 value Assets:VIAC 21179.68 CHF

2020-08-16 value Assets:VIAC 21183.95 CHF

2020-08-17 value Assets:VIAC 21246.69 CHF

2020-08-18 value Assets:VIAC 21201.1 CHF

2020-08-19 value Assets:VIAC 21409.65 CHF

2020-08-20 value Assets:VIAC 21213.39 CHF

2020-08-21 value Assets:VIAC 21279 CHF

2020-08-22 value Assets:VIAC 21279.23 CHF

2020-08-23 value Assets:VIAC 21283.1 CHF

2020-08-24 value Assets:VIAC 21498.61 CHF

2020-08-25 value Assets:VIAC 21439.56 CHF

2020-08-26 value Assets:VIAC 21626.23 CHF

2020-08-27 value Assets:VIAC 21564.18 CHF

2020-08-28 value Assets:VIAC 21516.29 CHF

2020-08-29 value Assets:VIAC 21513.79 CHF

2020-08-30 value Assets:VIAC 21517.35 CHF

2020-08-31 value Assets:VIAC 21455.31 CHF

2020-09-01 value Assets:VIAC 21631.16 CHF

2020-09-02 value Assets:VIAC 21918.16 CHF

2020-09-03 value Assets:VIAC 21447.45 CHF

2020-09-04 value Assets:VIAC 21300.42 CHF

2020-09-05 value Assets:VIAC 21304.82 CHF

2020-09-06 value Assets:VIAC 21311.55 CHF

2020-09-07 value Assets:VIAC 21484.45 CHF

2020-09-08 value Assets:VIAC 21206.13 CHF

2020-09-09 value Assets:VIAC 21419.34 CHF

2020-09-10 value Assets:VIAC 21244.54 CHF

2020-09-11 value Assets:VIAC 21281.92 CHF

2020-09-12 value Assets:VIAC 21283.95 CHF

2020-09-13 value Assets:VIAC 21283.71 CHF

2020-09-14 value Assets:VIAC 21434.99 CHF

2020-09-15 value Assets:VIAC 21544.59 CHF

2020-09-16 value Assets:VIAC 21585.59 CHF

2020-09-17 value Assets:VIAC 21445.73 CHF

2020-09-18 value Assets:VIAC 21430.12 CHF

2020-09-19 value Assets:VIAC 21429.15 CHF

2020-09-20 value Assets:VIAC 21419.59 CHF

2020-09-21 value Assets:VIAC 21091.71 CHF

2020-09-22 value Assets:VIAC 21227.81 CHF

2020-09-23 value Assets:VIAC 21102.56 CHF

2020-09-24 value Assets:VIAC 20997.23 CHF

2020-09-25 value Assets:VIAC 21143.25 CHF

2020-09-26 value Assets:VIAC 21143.71 CHF

2020-09-27 value Assets:VIAC 21139.03 CHF

2020-09-28 value Assets:VIAC 21383.44 CHF

2020-09-29 value Assets:VIAC 21247.24 CHF

2020-09-30 value Assets:VIAC 21290.01 CHF

2020-10-01 value Assets:VIAC 21354.95 CHF

2020-10-02 value Assets:VIAC 21317.17 CHF

2020-10-03 value Assets:VIAC 21312.91 CHF

2020-10-04 value Assets:VIAC 21292.39 CHF

2020-10-05 value Assets:VIAC 21497.35 CHF

2020-10-06 value Assets:VIAC 21405.34 CHF

2020-10-07 value Assets:VIAC 21505.5 CHF

2020-10-08 value Assets:VIAC 21677.05 CHF

2020-10-09 value Assets:VIAC 21695.09 CHF

2020-10-10 value Assets:VIAC 21696.4 CHF

2020-10-11 value Assets:VIAC 21709 CHF

2020-10-12 value Assets:VIAC 21898.11 CHF

2020-10-13 value Assets:VIAC 21881.64 CHF

2020-10-14 value Assets:VIAC 21790.05 CHF

2020-10-15 value Assets:VIAC 21532.01 CHF

2020-10-16 value Assets:VIAC 21653.05 CHF

2020-10-17 value Assets:VIAC 21651.12 CHF

2020-10-18 value Assets:VIAC 21654.29 CHF

2020-10-19 value Assets:VIAC 21482.22 CHF

2020-10-20 value Assets:VIAC 21454.68 CHF

2020-10-21 value Assets:VIAC 21297.84 CHF

2020-10-22 value Assets:VIAC 21339.33 CHF

2020-10-23 value Assets:VIAC 21365.84 CHF

2020-10-24 value Assets:VIAC 21359.94 CHF

2020-10-25 value Assets:VIAC 21364.71 CHF

2020-10-26 value Assets:VIAC 21154.33 CHF

2020-10-27 value Assets:VIAC 21070.13 CHF

2020-10-28 value Assets:VIAC 20519.95 CHF

2020-10-29 value Assets:VIAC 20619.76 CHF

2020-10-30 value Assets:VIAC 20533.49 CHF

2020-10-31 value Assets:VIAC 20510.79 CHF

2020-11-01 value Assets:VIAC 20510.76 CHF

2020-11-02 value Assets:VIAC 20821.19 CHF

2020-11-03 value Assets:VIAC 21123.2 CHF

2020-11-04 value Assets:VIAC 21553.48 CHF

2020-11-05 value Assets:VIAC 21765.04 CHF

2020-11-06 value Assets:VIAC 21751.88 CHF

2020-11-07 value Assets:VIAC 21742.58 CHF

2020-11-08 value Assets:VIAC 21742.01 CHF

2020-11-09 value Assets:VIAC 22247.19 CHF

2020-11-10 value Assets:VIAC 22233.88 CHF

2020-11-11 value Assets:VIAC 22479.34 CHF

2020-11-12 value Assets:VIAC 22330.99 CHF

2020-11-13 value Assets:VIAC 22405.34 CHF

2020-11-14 value Assets:VIAC 22406.04 CHF

2020-11-15 value Assets:VIAC 22408.16 CHF

2020-11-16 value Assets:VIAC 22672.47 CHF

2020-11-17 value Assets:VIAC 22610.01 CHF

2020-11-18 value Assets:VIAC 22563.66 CHF

2020-11-19 value Assets:VIAC 22515.63 CHF

2020-11-20 value Assets:VIAC 22521.91 CHF

2020-11-21 value Assets:VIAC 22518.29 CHF

2020-11-22 value Assets:VIAC 22518.19 CHF

2020-11-23 value Assets:VIAC 22578.93 CHF

2020-11-24 value Assets:VIAC 22780.74 CHF

2020-11-25 value Assets:VIAC 22729.85 CHF

2020-11-26 value Assets:VIAC 22738.7 CHF

2020-11-27 value Assets:VIAC 22720.39 CHF

2020-11-28 value Assets:VIAC 22725.71 CHF

